// Jest Snapshot v1, https://goo.gl/fbAQLP

exports[`Theme Shuold return dark theme config correctly 1`] = `
Object {
  "breakpoints": Object {
    "between": [Function],
    "down": [Function],
    "keys": Array [
      "xs",
      "sm",
      "md",
      "lg",
      "xl",
    ],
    "only": [Function],
    "up": [Function],
    "values": Object {
      "lg": 1280,
      "md": 960,
      "sm": 600,
      "xl": 1920,
      "xs": 0,
    },
    "width": [Function],
  },
  "direction": "ltr",
  "mixins": Object {
    "gutters": [Function],
    "toolbar": Object {
      "@media (min-width:0px) and (orientation: landscape)": Object {
        "minHeight": 48,
      },
      "@media (min-width:600px)": Object {
        "minHeight": 64,
      },
      "minHeight": 56,
    },
  },
  "overrides": Object {
    "MuiCircularProgress": Object {
      "indeterminate": Object {
        "animationDuration": "0.5s",
      },
    },
    "MuiTableCell": Object {
      "root": Object {
        "borderBottom": "1px solid #EFF2F5",
      },
    },
  },
  "palette": Object {
    "action": Object {
      "activatedOpacity": 0.12,
      "active": "rgba(0, 0, 0, 0.54)",
      "disabled": "rgba(0, 0, 0, 0.26)",
      "disabledBackground": "rgba(0, 0, 0, 0.12)",
      "disabledOpacity": 0.38,
      "focus": "rgba(0, 0, 0, 0.12)",
      "focusOpacity": 0.12,
      "hover": "rgba(0, 0, 0, 0.04)",
      "hoverOpacity": 0.04,
      "selected": "rgba(0, 0, 0, 0.08)",
      "selectedOpacity": 0.08,
    },
    "augmentColor": [Function],
    "background": Object {
      "default": "#fafafa",
      "paper": "#fff",
    },
    "common": Object {
      "black": "#000",
      "white": "#fff",
    },
    "contrastThreshold": 3,
    "divider": "rgba(0, 0, 0, 0.12)",
    "error": Object {
      "100": "#ffcdd2",
      "200": "#ef9a9a",
      "300": "#e57373",
      "400": "#ef5350",
      "50": "#ffebee",
      "500": "#f44336",
      "600": "#e53935",
      "700": "#d32f2f",
      "800": "#c62828",
      "900": "#b71c1c",
      "A100": "#ff8a80",
      "A200": "#ff5252",
      "A400": "#ff1744",
      "A700": "#d50000",
      "contrastText": "#fff",
      "dark": "#d32f2f",
      "light": "#e57373",
      "main": "#f44336",
    },
    "getContrastText": [Function],
    "grey": Object {
      "100": "#f5f5f5",
      "200": "#eeeeee",
      "300": "#e0e0e0",
      "400": "#bdbdbd",
      "50": "#fafafa",
      "500": "#9e9e9e",
      "600": "#757575",
      "700": "#616161",
      "800": "#424242",
      "900": "#212121",
      "A100": "#d5d5d5",
      "A200": "#aaaaaa",
      "A400": "#303030",
      "A700": "#616161",
    },
    "info": Object {
      "contrastText": "#fff",
      "dark": "#1976d2",
      "light": "#64b5f6",
      "main": "#2196f3",
    },
    "primary": Object {
      "contrastText": "#fff",
      "dark": "#00766C",
      "light": "#64D8CB",
      "main": "#26A69A",
    },
    "secondary": Object {
      "contrastText": "#fff",
      "dark": "#130703",
      "light": "#625957",
      "main": "#38302E",
    },
    "success": Object {
      "100": "#b2dfdb",
      "200": "#80cbc4",
      "300": "#4db6ac",
      "400": "#26a69a",
      "50": "#e0f2f1",
      "500": "#009688",
      "600": "#00897b",
      "700": "#00796b",
      "800": "#00695c",
      "900": "#004d40",
      "A100": "#a7ffeb",
      "A200": "#64ffda",
      "A400": "#1de9b6",
      "A700": "#00bfa5",
      "contrastText": "#fff",
      "dark": "#00796b",
      "light": "#4db6ac",
      "main": "#009688",
    },
    "text": Object {
      "disabled": "rgba(0, 0, 0, 0.38)",
      "hint": "rgba(0, 0, 0, 0.38)",
      "primary": "#FFFFFF",
      "secondary": "rgba(0, 0, 0, 0.54)",
    },
    "tonalOffset": 0.2,
    "type": "light",
    "warning": Object {
      "contrastText": "rgba(0, 0, 0, 0.87)",
      "dark": "#f57c00",
      "light": "#ffb74d",
      "main": "#ff9800",
    },
  },
  "props": Object {
    "MuiLink": Object {
      "underline": "none",
    },
    "MuiPaper": Object {
      "elevation": 6,
    },
  },
  "shadows": Array [
    "none",
    "0px 1px 3px 0px rgba(130, 130, 130, 0.06),0px 1px 1px 0px rgba(130, 130, 130, 0.04),0px 2px 1px -1px rgba(130, 130, 130, 0.04)",
    "0px 1px 5px 0px rgba(130, 130, 130, 0.06),0px 2px 2px 0px rgba(130, 130, 130, 0.04),0px 3px 1px -2px rgba(130, 130, 130, 0.04)",
    "0px 1px 8px 0px rgba(130, 130, 130, 0.06),0px 3px 4px 0px rgba(130, 130, 130, 0.04),0px 3px 3px -2px rgba(130, 130, 130, 0.04)",
    "0px 2px 4px -1px rgba(130, 130, 130, 0.06),0px 4px 5px 0px rgba(130, 130, 130, 0.04),0px 1px 10px 0px rgba(130, 130, 130, 0.04)",
    "0px 3px 5px -1px rgba(130, 130, 130, 0.06),0px 5px 8px 0px rgba(130, 130, 130, 0.04),0px 1px 14px 0px rgba(130, 130, 130, 0.04)",
    "0px 3px 5px -1px rgba(130, 130, 130, 0.06),0px 6px 10px 0px rgba(130, 130, 130, 0.04),0px 1px 18px 0px rgba(130, 130, 130, 0.04)",
    "0px 4px 5px -2px rgba(130, 130, 130, 0.06),0px 7px 10px 1px rgba(130, 130, 130, 0.04),0px 2px 16px 1px rgba(130, 130, 130, 0.04)",
    "0px 5px 5px -3px rgba(130, 130, 130, 0.06),0px 8px 10px 1px rgba(130, 130, 130, 0.04),0px 3px 14px 2px rgba(130, 130, 130, 0.04)",
    "0px 5px 6px -3px rgba(130, 130, 130, 0.06),0px 9px 12px 1px rgba(130, 130, 130, 0.04),0px 3px 16px 2px rgba(130, 130, 130, 0.04)",
    "0px 6px 6px -3px rgba(130, 130, 130, 0.06),0px 10px 14px 1px rgba(130, 130, 130, 0.04),0px 4px 18px 3px rgba(130, 130, 130, 0.04)",
    "0px 6px 7px -4px rgba(130, 130, 130, 0.06),0px 11px 15px 1px rgba(130, 130, 130, 0.04),0px 4px 20px 3px rgba(130, 130, 130, 0.04)",
    "0px 7px 8px -4px rgba(130, 130, 130, 0.06),0px 12px 17px 2px rgba(130, 130, 130, 0.04),0px 5px 22px 4px rgba(130, 130, 130, 0.04)",
    "0px 7px 8px -4px rgba(130, 130, 130, 0.06),0px 13px 19px 2px rgba(130, 130, 130, 0.04),0px 5px 24px 4px rgba(130, 130, 130, 0.04)",
    "0px 7px 9px -4px rgba(130, 130, 130, 0.06),0px 14px 21px 2px rgba(130, 130, 130, 0.04),0px 5px 26px 4px rgba(130, 130, 130, 0.04)",
    "0px 8px 9px -5px rgba(130, 130, 130, 0.06),0px 15px 22px 2px rgba(130, 130, 130, 0.04),0px 6px 28px 5px rgba(130, 130, 130, 0.04)",
    "0px 8px 10px -5px rgba(130, 130, 130, 0.06),0px 16px 24px 2px rgba(130, 130, 130, 0.04),0px 6px 30px 5px rgba(130, 130, 130, 0.04)",
    "0px 8px 11px -5px rgba(130, 130, 130, 0.06),0px 17px 26px 2px rgba(130, 130, 130, 0.04),0px 6px 32px 5px rgba(130, 130, 130, 0.04)",
    "0px 9px 11px -5px rgba(130, 130, 130, 0.06),0px 18px 28px 2px rgba(130, 130, 130, 0.04),0px 7px 34px 6px rgba(130, 130, 130, 0.04)",
    "0px 9px 12px -6px rgba(130, 130, 130, 0.06),0px 19px 29px 2px rgba(130, 130, 130, 0.04),0px 7px 36px 6px rgba(130, 130, 130, 0.04)",
    "0px 10px 13px -6px rgba(130, 130, 130, 0.06),0px 20px 31px 3px rgba(130, 130, 130, 0.04),0px 8px 38px 7px rgba(130, 130, 130, 0.04)",
    "0px 10px 13px -6px rgba(130, 130, 130, 0.06),0px 21px 33px 3px rgba(130, 130, 130, 0.04),0px 8px 40px 7px rgba(130, 130, 130, 0.04)",
    "0px 10px 14px -6px rgba(130, 130, 130, 0.06),0px 22px 35px 3px rgba(130, 130, 130, 0.04),0px 8px 42px 7px rgba(130, 130, 130, 0.04)",
    "0px 11px 14px -7px rgba(130, 130, 130, 0.06),0px 23px 36px 3px rgba(130, 130, 130, 0.04),0px 9px 44px 8px rgba(130, 130, 130, 0.04)",
    "0px 11px 15px -7px rgba(130, 130, 130, 0.06),0px 24px 38px 3px rgba(130, 130, 130, 0.04),0px 9px 46px 8px rgba(130, 130, 130, 0.04)",
  ],
  "shape": Object {
    "borderRadius": 4,
  },
  "spacing": [Function],
  "transitions": Object {
    "create": [Function],
    "duration": Object {
      "complex": 375,
      "enteringScreen": 225,
      "leavingScreen": 195,
      "short": 250,
      "shorter": 200,
      "shortest": 150,
      "standard": 300,
    },
    "easing": Object {
      "easeIn": "cubic-bezier(0.4, 0, 1, 1)",
      "easeInOut": "cubic-bezier(0.4, 0, 0.2, 1)",
      "easeOut": "cubic-bezier(0.0, 0, 0.2, 1)",
      "sharp": "cubic-bezier(0.4, 0, 0.6, 1)",
    },
    "getAutoHeightDuration": [Function],
  },
  "typography": Object {
    "body1": Object {
      "fontFamily": "'Inter', sans-serif;",
      "fontSize": "1rem",
      "fontWeight": 400,
      "lineHeight": 1.5,
    },
    "body2": Object {
      "fontFamily": "'Inter', sans-serif;",
      "fontSize": "0.875rem",
      "fontWeight": 400,
      "lineHeight": 1.43,
    },
    "button": Object {
      "fontFamily": "'Inter', sans-serif;",
      "fontSize": "0.875rem",
      "fontWeight": 500,
      "lineHeight": 1.75,
      "textTransform": "uppercase",
    },
    "caption": Object {
      "fontFamily": "'Inter', sans-serif;",
      "fontSize": "0.75rem",
      "fontWeight": 400,
      "lineHeight": 1.66,
    },
    "fontFamily": "'Inter', sans-serif;",
    "fontSize": 14,
    "fontWeightBold": 700,
    "fontWeightLight": 300,
    "fontWeightMedium": 500,
    "fontWeightRegular": 400,
    "h1": Object {
      "@media (min-width:1280px)": Object {
        "fontSize": "5.9983rem",
      },
      "@media (min-width:600px)": Object {
        "fontSize": "4.7129rem",
      },
      "@media (min-width:960px)": Object {
        "fontSize": "5.3556rem",
      },
      "fontFamily": "'Inter', sans-serif;",
      "fontSize": "3.5rem",
      "fontWeight": 300,
      "lineHeight": 1.167,
    },
    "h2": Object {
      "@media (min-width:1280px)": Object {
        "fontSize": "3.75rem",
      },
      "@media (min-width:600px)": Object {
        "fontSize": "2.9167rem",
      },
      "@media (min-width:960px)": Object {
        "fontSize": "3.3333rem",
      },
      "fontFamily": "'Inter', sans-serif;",
      "fontSize": "2.375rem",
      "fontWeight": 300,
      "lineHeight": 1.2,
    },
    "h3": Object {
      "@media (min-width:1280px)": Object {
        "fontSize": "2.9991rem",
      },
      "@media (min-width:600px)": Object {
        "fontSize": "2.5707rem",
      },
      "@media (min-width:960px)": Object {
        "fontSize": "2.7849rem",
      },
      "fontFamily": "'Inter', sans-serif;",
      "fontSize": "2rem",
      "fontWeight": 400,
      "lineHeight": 1.167,
    },
    "h4": Object {
      "@media (min-width:1280px)": Object {
        "fontSize": "2.0243rem",
      },
      "@media (min-width:600px)": Object {
        "fontSize": "1.8219rem",
      },
      "@media (min-width:960px)": Object {
        "fontSize": "2.0243rem",
      },
      "fontFamily": "'Inter', sans-serif;",
      "fontSize": "1.5625rem",
      "fontWeight": 400,
      "lineHeight": 1.235,
    },
    "h5": Object {
      "@media (min-width:1280px)": Object {
        "fontSize": "1.4993rem",
      },
      "@media (min-width:600px)": Object {
        "fontSize": "1.3118rem",
      },
      "@media (min-width:960px)": Object {
        "fontSize": "1.4993rem",
      },
      "fontFamily": "'Inter', sans-serif;",
      "fontSize": "1.25rem",
      "fontWeight": 400,
      "lineHeight": 1.334,
    },
    "h6": Object {
      "@media (min-width:1280px)": Object {
        "fontSize": "1.25rem",
      },
      "@media (min-width:600px)": Object {
        "fontSize": "1.25rem",
      },
      "@media (min-width:960px)": Object {
        "fontSize": "1.25rem",
      },
      "fontFamily": "'Inter', sans-serif;",
      "fontSize": "1.125rem",
      "fontWeight": 500,
      "lineHeight": 1.6,
    },
    "htmlFontSize": 16,
    "overline": Object {
      "fontFamily": "'Inter', sans-serif;",
      "fontSize": "0.75rem",
      "fontWeight": 400,
      "lineHeight": 2.66,
      "textTransform": "uppercase",
    },
    "pxToRem": [Function],
    "round": [Function],
    "subtitle1": Object {
      "fontFamily": "'Inter', sans-serif;",
      "fontSize": "1rem",
      "fontWeight": 400,
      "lineHeight": 1.75,
    },
    "subtitle2": Object {
      "fontFamily": "'Inter', sans-serif;",
      "fontSize": "0.875rem",
      "fontWeight": 500,
      "lineHeight": 1.57,
    },
  },
  "zIndex": Object {
    "appBar": 1100,
    "drawer": 1200,
    "mobileStepper": 1000,
    "modal": 1300,
    "snackbar": 1400,
    "speedDial": 1050,
    "tooltip": 1500,
  },
}
`;

exports[`Theme Shuold return light theme config correctly 1`] = `
Object {
  "breakpoints": Object {
    "between": [Function],
    "down": [Function],
    "keys": Array [
      "xs",
      "sm",
      "md",
      "lg",
      "xl",
    ],
    "only": [Function],
    "up": [Function],
    "values": Object {
      "lg": 1280,
      "md": 960,
      "sm": 600,
      "xl": 1920,
      "xs": 0,
    },
    "width": [Function],
  },
  "direction": "ltr",
  "mixins": Object {
    "gutters": [Function],
    "toolbar": Object {
      "@media (min-width:0px) and (orientation: landscape)": Object {
        "minHeight": 48,
      },
      "@media (min-width:600px)": Object {
        "minHeight": 64,
      },
      "minHeight": 56,
    },
  },
  "overrides": Object {
    "MuiCircularProgress": Object {
      "indeterminate": Object {
        "animationDuration": "0.5s",
      },
    },
    "MuiTableCell": Object {
      "root": Object {
        "borderBottom": "1px solid #EFF2F5",
      },
    },
  },
  "palette": Object {
    "action": Object {
      "activatedOpacity": 0.12,
      "active": "rgba(0, 0, 0, 0.54)",
      "disabled": "rgba(0, 0, 0, 0.26)",
      "disabledBackground": "rgba(0, 0, 0, 0.12)",
      "disabledOpacity": 0.38,
      "focus": "rgba(0, 0, 0, 0.12)",
      "focusOpacity": 0.12,
      "hover": "rgba(0, 0, 0, 0.04)",
      "hoverOpacity": 0.04,
      "selected": "rgba(0, 0, 0, 0.08)",
      "selectedOpacity": 0.08,
    },
    "augmentColor": [Function],
    "background": Object {
      "default": "#fafafa",
      "paper": "#fff",
    },
    "common": Object {
      "black": "#000",
      "white": "#fff",
    },
    "contrastThreshold": 3,
    "divider": "rgba(0, 0, 0, 0.12)",
    "error": Object {
      "100": "#ffcdd2",
      "200": "#ef9a9a",
      "300": "#e57373",
      "400": "#ef5350",
      "50": "#ffebee",
      "500": "#f44336",
      "600": "#e53935",
      "700": "#d32f2f",
      "800": "#c62828",
      "900": "#b71c1c",
      "A100": "#ff8a80",
      "A200": "#ff5252",
      "A400": "#ff1744",
      "A700": "#d50000",
      "contrastText": "#fff",
      "dark": "#d32f2f",
      "light": "#e57373",
      "main": "#f44336",
    },
    "getContrastText": [Function],
    "grey": Object {
      "100": "#f5f5f5",
      "200": "#eeeeee",
      "300": "#e0e0e0",
      "400": "#bdbdbd",
      "50": "#fafafa",
      "500": "#9e9e9e",
      "600": "#757575",
      "700": "#616161",
      "800": "#424242",
      "900": "#212121",
      "A100": "#d5d5d5",
      "A200": "#aaaaaa",
      "A400": "#303030",
      "A700": "#616161",
    },
    "info": Object {
      "contrastText": "#fff",
      "dark": "#1976d2",
      "light": "#64b5f6",
      "main": "#2196f3",
    },
    "primary": Object {
      "contrastText": "#fff",
      "dark": "#00766C",
      "light": "#64D8CB",
      "main": "#26A69A",
    },
    "secondary": Object {
      "contrastText": "#fff",
      "dark": "#130703",
      "light": "#625957",
      "main": "#38302E",
    },
    "success": Object {
      "100": "#b2dfdb",
      "200": "#80cbc4",
      "300": "#4db6ac",
      "400": "#26a69a",
      "50": "#e0f2f1",
      "500": "#009688",
      "600": "#00897b",
      "700": "#00796b",
      "800": "#00695c",
      "900": "#004d40",
      "A100": "#a7ffeb",
      "A200": "#64ffda",
      "A400": "#1de9b6",
      "A700": "#00bfa5",
      "contrastText": "#fff",
      "dark": "#00796b",
      "light": "#4db6ac",
      "main": "#009688",
    },
    "text": Object {
      "disabled": "rgba(0, 0, 0, 0.38)",
      "hint": "rgba(0, 0, 0, 0.38)",
      "primary": "#333333",
      "secondary": "rgba(0, 0, 0, 0.54)",
    },
    "tonalOffset": 0.2,
    "type": "light",
    "warning": Object {
      "contrastText": "rgba(0, 0, 0, 0.87)",
      "dark": "#f57c00",
      "light": "#ffb74d",
      "main": "#ff9800",
    },
  },
  "props": Object {
    "MuiLink": Object {
      "underline": "none",
    },
    "MuiPaper": Object {
      "elevation": 6,
    },
  },
  "shadows": Array [
    "none",
    "0px 1px 3px 0px rgba(130, 130, 130, 0.06),0px 1px 1px 0px rgba(130, 130, 130, 0.04),0px 2px 1px -1px rgba(130, 130, 130, 0.04)",
    "0px 1px 5px 0px rgba(130, 130, 130, 0.06),0px 2px 2px 0px rgba(130, 130, 130, 0.04),0px 3px 1px -2px rgba(130, 130, 130, 0.04)",
    "0px 1px 8px 0px rgba(130, 130, 130, 0.06),0px 3px 4px 0px rgba(130, 130, 130, 0.04),0px 3px 3px -2px rgba(130, 130, 130, 0.04)",
    "0px 2px 4px -1px rgba(130, 130, 130, 0.06),0px 4px 5px 0px rgba(130, 130, 130, 0.04),0px 1px 10px 0px rgba(130, 130, 130, 0.04)",
    "0px 3px 5px -1px rgba(130, 130, 130, 0.06),0px 5px 8px 0px rgba(130, 130, 130, 0.04),0px 1px 14px 0px rgba(130, 130, 130, 0.04)",
    "0px 3px 5px -1px rgba(130, 130, 130, 0.06),0px 6px 10px 0px rgba(130, 130, 130, 0.04),0px 1px 18px 0px rgba(130, 130, 130, 0.04)",
    "0px 4px 5px -2px rgba(130, 130, 130, 0.06),0px 7px 10px 1px rgba(130, 130, 130, 0.04),0px 2px 16px 1px rgba(130, 130, 130, 0.04)",
    "0px 5px 5px -3px rgba(130, 130, 130, 0.06),0px 8px 10px 1px rgba(130, 130, 130, 0.04),0px 3px 14px 2px rgba(130, 130, 130, 0.04)",
    "0px 5px 6px -3px rgba(130, 130, 130, 0.06),0px 9px 12px 1px rgba(130, 130, 130, 0.04),0px 3px 16px 2px rgba(130, 130, 130, 0.04)",
    "0px 6px 6px -3px rgba(130, 130, 130, 0.06),0px 10px 14px 1px rgba(130, 130, 130, 0.04),0px 4px 18px 3px rgba(130, 130, 130, 0.04)",
    "0px 6px 7px -4px rgba(130, 130, 130, 0.06),0px 11px 15px 1px rgba(130, 130, 130, 0.04),0px 4px 20px 3px rgba(130, 130, 130, 0.04)",
    "0px 7px 8px -4px rgba(130, 130, 130, 0.06),0px 12px 17px 2px rgba(130, 130, 130, 0.04),0px 5px 22px 4px rgba(130, 130, 130, 0.04)",
    "0px 7px 8px -4px rgba(130, 130, 130, 0.06),0px 13px 19px 2px rgba(130, 130, 130, 0.04),0px 5px 24px 4px rgba(130, 130, 130, 0.04)",
    "0px 7px 9px -4px rgba(130, 130, 130, 0.06),0px 14px 21px 2px rgba(130, 130, 130, 0.04),0px 5px 26px 4px rgba(130, 130, 130, 0.04)",
    "0px 8px 9px -5px rgba(130, 130, 130, 0.06),0px 15px 22px 2px rgba(130, 130, 130, 0.04),0px 6px 28px 5px rgba(130, 130, 130, 0.04)",
    "0px 8px 10px -5px rgba(130, 130, 130, 0.06),0px 16px 24px 2px rgba(130, 130, 130, 0.04),0px 6px 30px 5px rgba(130, 130, 130, 0.04)",
    "0px 8px 11px -5px rgba(130, 130, 130, 0.06),0px 17px 26px 2px rgba(130, 130, 130, 0.04),0px 6px 32px 5px rgba(130, 130, 130, 0.04)",
    "0px 9px 11px -5px rgba(130, 130, 130, 0.06),0px 18px 28px 2px rgba(130, 130, 130, 0.04),0px 7px 34px 6px rgba(130, 130, 130, 0.04)",
    "0px 9px 12px -6px rgba(130, 130, 130, 0.06),0px 19px 29px 2px rgba(130, 130, 130, 0.04),0px 7px 36px 6px rgba(130, 130, 130, 0.04)",
    "0px 10px 13px -6px rgba(130, 130, 130, 0.06),0px 20px 31px 3px rgba(130, 130, 130, 0.04),0px 8px 38px 7px rgba(130, 130, 130, 0.04)",
    "0px 10px 13px -6px rgba(130, 130, 130, 0.06),0px 21px 33px 3px rgba(130, 130, 130, 0.04),0px 8px 40px 7px rgba(130, 130, 130, 0.04)",
    "0px 10px 14px -6px rgba(130, 130, 130, 0.06),0px 22px 35px 3px rgba(130, 130, 130, 0.04),0px 8px 42px 7px rgba(130, 130, 130, 0.04)",
    "0px 11px 14px -7px rgba(130, 130, 130, 0.06),0px 23px 36px 3px rgba(130, 130, 130, 0.04),0px 9px 44px 8px rgba(130, 130, 130, 0.04)",
    "0px 11px 15px -7px rgba(130, 130, 130, 0.06),0px 24px 38px 3px rgba(130, 130, 130, 0.04),0px 9px 46px 8px rgba(130, 130, 130, 0.04)",
  ],
  "shape": Object {
    "borderRadius": 4,
  },
  "spacing": [Function],
  "transitions": Object {
    "create": [Function],
    "duration": Object {
      "complex": 375,
      "enteringScreen": 225,
      "leavingScreen": 195,
      "short": 250,
      "shorter": 200,
      "shortest": 150,
      "standard": 300,
    },
    "easing": Object {
      "easeIn": "cubic-bezier(0.4, 0, 1, 1)",
      "easeInOut": "cubic-bezier(0.4, 0, 0.2, 1)",
      "easeOut": "cubic-bezier(0.0, 0, 0.2, 1)",
      "sharp": "cubic-bezier(0.4, 0, 0.6, 1)",
    },
    "getAutoHeightDuration": [Function],
  },
  "typography": Object {
    "body1": Object {
      "fontFamily": "'Inter', sans-serif;",
      "fontSize": "1rem",
      "fontWeight": 400,
      "lineHeight": 1.5,
    },
    "body2": Object {
      "fontFamily": "'Inter', sans-serif;",
      "fontSize": "0.875rem",
      "fontWeight": 400,
      "lineHeight": 1.43,
    },
    "button": Object {
      "fontFamily": "'Inter', sans-serif;",
      "fontSize": "0.875rem",
      "fontWeight": 500,
      "lineHeight": 1.75,
      "textTransform": "uppercase",
    },
    "caption": Object {
      "fontFamily": "'Inter', sans-serif;",
      "fontSize": "0.75rem",
      "fontWeight": 400,
      "lineHeight": 1.66,
    },
    "fontFamily": "'Inter', sans-serif;",
    "fontSize": 14,
    "fontWeightBold": 700,
    "fontWeightLight": 300,
    "fontWeightMedium": 500,
    "fontWeightRegular": 400,
    "h1": Object {
      "@media (min-width:1280px)": Object {
        "fontSize": "5.9983rem",
      },
      "@media (min-width:600px)": Object {
        "fontSize": "4.7129rem",
      },
      "@media (min-width:960px)": Object {
        "fontSize": "5.3556rem",
      },
      "fontFamily": "'Inter', sans-serif;",
      "fontSize": "3.5rem",
      "fontWeight": 300,
      "lineHeight": 1.167,
    },
    "h2": Object {
      "@media (min-width:1280px)": Object {
        "fontSize": "3.75rem",
      },
      "@media (min-width:600px)": Object {
        "fontSize": "2.9167rem",
      },
      "@media (min-width:960px)": Object {
        "fontSize": "3.3333rem",
      },
      "fontFamily": "'Inter', sans-serif;",
      "fontSize": "2.375rem",
      "fontWeight": 300,
      "lineHeight": 1.2,
    },
    "h3": Object {
      "@media (min-width:1280px)": Object {
        "fontSize": "2.9991rem",
      },
      "@media (min-width:600px)": Object {
        "fontSize": "2.5707rem",
      },
      "@media (min-width:960px)": Object {
        "fontSize": "2.7849rem",
      },
      "fontFamily": "'Inter', sans-serif;",
      "fontSize": "2rem",
      "fontWeight": 400,
      "lineHeight": 1.167,
    },
    "h4": Object {
      "@media (min-width:1280px)": Object {
        "fontSize": "2.0243rem",
      },
      "@media (min-width:600px)": Object {
        "fontSize": "1.8219rem",
      },
      "@media (min-width:960px)": Object {
        "fontSize": "2.0243rem",
      },
      "fontFamily": "'Inter', sans-serif;",
      "fontSize": "1.5625rem",
      "fontWeight": 400,
      "lineHeight": 1.235,
    },
    "h5": Object {
      "@media (min-width:1280px)": Object {
        "fontSize": "1.4993rem",
      },
      "@media (min-width:600px)": Object {
        "fontSize": "1.3118rem",
      },
      "@media (min-width:960px)": Object {
        "fontSize": "1.4993rem",
      },
      "fontFamily": "'Inter', sans-serif;",
      "fontSize": "1.25rem",
      "fontWeight": 400,
      "lineHeight": 1.334,
    },
    "h6": Object {
      "@media (min-width:1280px)": Object {
        "fontSize": "1.25rem",
      },
      "@media (min-width:600px)": Object {
        "fontSize": "1.25rem",
      },
      "@media (min-width:960px)": Object {
        "fontSize": "1.25rem",
      },
      "fontFamily": "'Inter', sans-serif;",
      "fontSize": "1.125rem",
      "fontWeight": 500,
      "lineHeight": 1.6,
    },
    "htmlFontSize": 16,
    "overline": Object {
      "fontFamily": "'Inter', sans-serif;",
      "fontSize": "0.75rem",
      "fontWeight": 400,
      "lineHeight": 2.66,
      "textTransform": "uppercase",
    },
    "pxToRem": [Function],
    "round": [Function],
    "subtitle1": Object {
      "fontFamily": "'Inter', sans-serif;",
      "fontSize": "1rem",
      "fontWeight": 400,
      "lineHeight": 1.75,
    },
    "subtitle2": Object {
      "fontFamily": "'Inter', sans-serif;",
      "fontSize": "0.875rem",
      "fontWeight": 500,
      "lineHeight": 1.57,
    },
  },
  "zIndex": Object {
    "appBar": 1100,
    "drawer": 1200,
    "mobileStepper": 1000,
    "modal": 1300,
    "snackbar": 1400,
    "speedDial": 1050,
    "tooltip": 1500,
  },
}
`;
